// Jest Snapshot v1, https://goo.gl/fbAQLP

exports[`Calculator component testing using snapshots Test Calculator component renders 1`] = `
Array [
  <h2
    className="calculatorTile"
  >
    Let's do some math!
  </h2>,
  <div
    className="calculatorContainer"
  >
    <input
      className="result"
      disabled={true}
      type="text"
      value={0}
    />
    <input
      className="key"
      onClick={[Function]}
      type="button"
      value="AC"
    />
    <input
      className="key"
      onClick={[Function]}
      type="button"
      value="+/-"
    />
    <input
      className="key"
      onClick={[Function]}
      type="button"
      value="%"
    />
    <input
      className="key"
      onClick={[Function]}
      type="button"
      value="รท"
    />
    <input
      className="number"
      onClick={[Function]}
      type="button"
      value={7}
    />
    <input
      className="number"
      onClick={[Function]}
      type="button"
      value={8}
    />
    <input
      className="number"
      onClick={[Function]}
      type="button"
      value={9}
    />
    <input
      className="key"
      onClick={[Function]}
      type="button"
      value="x"
    />
    <input
      className="number"
      onClick={[Function]}
      type="button"
      value={4}
    />
    <input
      className="number"
      onClick={[Function]}
      type="button"
      value={5}
    />
    <input
      className="number"
      onClick={[Function]}
      type="button"
      value={6}
    />
    <input
      className="key"
      onClick={[Function]}
      type="button"
      value="-"
    />
    <input
      className="number"
      onClick={[Function]}
      type="button"
      value={1}
    />
    <input
      className="number"
      onClick={[Function]}
      type="button"
      value={2}
    />
    <input
      className="number"
      onClick={[Function]}
      type="button"
      value={3}
    />
    <input
      className="key"
      onClick={[Function]}
      type="button"
      value="+"
    />
    <input
      className="number"
      onClick={[Function]}
      type="button"
      value={0}
    />
    <input
      className="key"
      onClick={[Function]}
      type="button"
      value="."
    />
    <input
      className="key"
      onClick={[Function]}
      type="button"
      value="="
    />
  </div>,
]
`;
