// Jest Snapshot v1, https://goo.gl/fbAQLP

exports[`Navbar component testing using snapshots Test Navbar component renders 1`] = `
<div
  className="navbarContainer"
>
  <nav>
    <ul
      className="navBar"
    >
      <li>
        <a
          href="/"
          onClick={[Function]}
        >
          Home
        </a>
      </li>
      <li>
        <a
          href="/calculator"
          onClick={[Function]}
        >
          Calculator
        </a>
      </li>
      <li>
        <a
          href="/quote"
          onClick={[Function]}
        >
          Quote
        </a>
      </li>
    </ul>
  </nav>
  <h1
    className="mainTitle"
  >
    Math Magicians
  </h1>
</div>
`;
