// Jest Snapshot v1, https://goo.gl/fbAQLP

exports[`Quote component testing using snapshots Test Quote component renders 1`] = `
<div
  className="homePageContainer"
>
  <p
    className="homePageText"
  >
    Mathematics is not about numbers, equations, computations, or algorithms: it is about understanding. (William Paul Thurston)
  </p>
</div>
`;
